Turbo Assembler	 Version 4.1	    02/28/26 13:47:42	    Page 1
int.asm



      1				     .286
      2	0000			     .model tiny
      3	0000			     .code
      4				     org 100h
      5
      6	0100			     Start:
      7	0100  B9 FFFF			     mov cx, 0FFffh
      8	0103  BB 1000			     mov bx, 1000h
      9
     10	0106				     aaaa:
     11	0106  43			     inc bx
     12	0107  E2 FD			     loop aaaa
     13	0109  B9 FFFF			     mov cx, 0FFffh
     14	010C  EB F8			     jmp aaaa
     15
     16	010E  B8 3100			     mov ax, 3100h
     17	0111  BA 011Ar			     mov dx, offset EOP
     18	0114  C1 EA 04			     shr dx, 4
     19	0117  42			     inc dx
     20	0118  CD 21			     int 21h
     21
     22	011A			     EOP:
     23				     end	     Start
Turbo Assembler	 Version 4.1	    02/28/26 13:47:42	    Page 2
Symbol Table




Symbol Name			  Type	 Value

??DATE				  Text	 "02/28/26"
??FILENAME			  Text	 "int	  "
??TIME				  Text	 "13:47:42"
??VERSION			  Number 040A
@32BIT				  Text	 0
@CODE				  Text	 DGROUP
@CODESIZE			  Text	 0
@CPU				  Text	 0707H
@CURSEG				  Text	 _TEXT
@DATA				  Text	 DGROUP
@DATASIZE			  Text	 0
@FILENAME			  Text	 INT
@INTERFACE			  Text	 000H
@MODEL				  Text	 1
@STACK				  Text	 DGROUP
@WORDSIZE			  Text	 2
AAAA				  Near	 DGROUP:0106
EOP				  Near	 DGROUP:011A
START				  Near	 DGROUP:0100

Groups & Segments		  Bit Size Align  Combine Class

DGROUP				  Group
  _DATA				  16  0000 Word	  Public  DATA
  _TEXT				  16  011A Word	  Public  CODE
