Turbo Assembler	 Version 4.1	    02/19/26 12:43:04	    Page 1
int.asm



      1				     .286
      2	0000			     .model tiny
      3	0000			     .code
      4				     org 100h
      5
      6	0100  68 B800		     Start:	     push 0b800h
      7	0103  07				     pop es
      8	0104  BB 0370				     mov bx, (80d*5 + 40d) * 2
      9	0107  B4 4E				     mov ah, 4eh
     10
     11	0109  E4 60		     Next:	     in	al, 60h
     12	010B  26: 89 07				     mov es:[bx], ax
     13	010E  3C 01				     cmp al, 1
     14	0110  75 F7				     jne Next
     15
     16	0112  B8 4C00				     mov ax, 4c00h
     17	0115  CD 21				     int 21h
     18
     19				     end	     Start
Turbo Assembler	 Version 4.1	    02/19/26 12:43:04	    Page 2
Symbol Table




Symbol Name			  Type	 Value

??DATE				  Text	 "02/19/26"
??FILENAME			  Text	 "int	  "
??TIME				  Text	 "12:43:04"
??VERSION			  Number 040A
@32BIT				  Text	 0
@CODE				  Text	 DGROUP
@CODESIZE			  Text	 0
@CPU				  Text	 0707H
@CURSEG				  Text	 _TEXT
@DATA				  Text	 DGROUP
@DATASIZE			  Text	 0
@FILENAME			  Text	 INT
@INTERFACE			  Text	 000H
@MODEL				  Text	 1
@STACK				  Text	 DGROUP
@WORDSIZE			  Text	 2
NEXT				  Near	 DGROUP:0109
START				  Near	 DGROUP:0100

Groups & Segments		  Bit Size Align  Combine Class

DGROUP				  Group
  _DATA				  16  0000 Word	  Public  DATA
  _TEXT				  16  0117 Word	  Public  CODE
