Turbo Assembler	 Version 4.1	    02/27/26 22:55:36	    Page 1
int3.asm



      1				     .286
      2	0000			     .model tiny
      3	0000			     .code
      4				     org 100h
      5
      6	0100			     Start:
      7						     ; int 09h ;experiment
      8
      9	0100  B8 3509				     mov ax, 3509h
     10	0103  CD 21				     int 21h
     11
     12	0105  89 1E 0157r			     mov old09Ofs, bx
     13	0109  8C C3				     mov bx, es
     14	010B  8C 06 0159r			     mov old09seg, es
     15
     16	010F  06 53				     push es bx
     17
     18	0111  6A 00				     push 0
     19	0113  07				     pop es
     20
     21	0114  BB 0024				     mov bx, 4 * 09h
     22	0117  FA				     cli ; don't forget	important
     23
     24	0118  26: C7 07	0134r			     mov es:[bx], offset New09 ;change name
     25						     ; <---------------------------------------------------??????????\
     26
     27	011D  8C C8				     mov ax, cs
     28	011F  26: 89 47	02			     mov es:[bx+2], ax
     29	0123  5B 07				     pop bx es
     30	0125  FB				     sti ; it's	too important
     31
     32	0126  CD 09				     int 09h;experimentSz
     33				     ; ===================================================
     34
     35						     ; mov old09Ofs, bx
     36						     ; mov bx, es
     37						     ; mov old09seg, es
     38
     39						     ; db 0eah
     40						     ; old09Ofs	dw 0
     41						     ; old09seg	dw 0
     42				     ; ===================================================
     43
     44	0128  B8 3100				     mov ax, 3100h
     45	012B  BA 015Cr				     mov dx, offset EOP
     46	012E  C1 EA 04				     shr dx, 4
     47	0131  42				     inc dx
     48	0132  CD 21				     int 21h
     49
     50				     ;1f S 1d Cntrl
     51
     52	0134			     New09   proc
     53
     54	0134  50 53 06				     push ax bx	es
     55
     56	0137  68 B800				     push 0b800h
     57	013A  07				     pop es
Turbo Assembler	 Version 4.1	    02/27/26 22:55:36	    Page 2
int3.asm



     58	013B  BB 0370				     mov bx, (80d*5 + 40d) * 2
     59	013E  B4 4E				     mov ah, 4eh
     60
     61	0140  E4 60				     in	al, 60h
     62	0142  26: 89 07				     mov es:[bx], ax
     63
     64				     ; ===================================================
     65	0145  E4 61				     in	al, 61h
     66	0147  0C 80				     or	al, 80h
     67	0149  E6 61				     out 61h, al
     68	014B  24 7F				     and al, not 80h
     69	014D  E6 61				     out 61h, al
     70
     71	014F  B0 20				     mov al, 20h
     72	0151  E6 20				     out 20h, al
     73				     ; ===================================================
     74	0153  07 5B 58				     pop es bx ax
     75
     76						     ; ; push bx
     77	0156  EA				     db	0eah
     78						     ; jmp
     79	0157  0000				     old09Ofs dw 0
     80	0159  0000				     old09seg dw 0
     81
     82	015B  CF				     iret
     83
     84	015C					     endp
     85
     86	015C			     EOP:
     87				     end	     Start
Turbo Assembler	 Version 4.1	    02/27/26 22:55:36	    Page 3
Symbol Table




Symbol Name			  Type	 Value

??DATE				  Text	 "02/27/26"
??FILENAME			  Text	 "int3	  "
??TIME				  Text	 "22:55:36"
??VERSION			  Number 040A
@32BIT				  Text	 0
@CODE				  Text	 DGROUP
@CODESIZE			  Text	 0
@CPU				  Text	 0707H
@CURSEG				  Text	 _TEXT
@DATA				  Text	 DGROUP
@DATASIZE			  Text	 0
@FILENAME			  Text	 INT3
@INTERFACE			  Text	 000H
@MODEL				  Text	 1
@STACK				  Text	 DGROUP
@WORDSIZE			  Text	 2
EOP				  Near	 DGROUP:015C
NEW09				  Near	 DGROUP:0134
OLD09OFS			  Word	 DGROUP:0157
OLD09SEG			  Word	 DGROUP:0159
START				  Near	 DGROUP:0100

Groups & Segments		  Bit Size Align  Combine Class

DGROUP				  Group
  _DATA				  16  0000 Word	  Public  DATA
  _TEXT				  16  015C Word	  Public  CODE
