Turbo Assembler	 Version 4.1	    03/04/26 08:15:47	    Page 1
res.asm



      1	0000			     .model tiny
      2	0000			     .code
      3
      4				     locals @@
      5
      6				     ; ОТДЕБАЖИТЬ ВЫВОД РАМКИ !!!!!!!!!
      7
      8				     ; подумать	над названием буфера
      9				     ; заносить	туда строку с rx = val
     10				     ; потом печатать этот буфер
     11				     ; пушить в стек	все регистры, чтобы их не потерять
     12
     13				     ; чекать только рамку, а	не весь экран, возможная	    +
     14				     причина поломки таймера
     15				     org 100h
     16
     17	0100			     Start:
     18	0100  B8 3509			 mov ax, 3509h
     19	0103  CD 21			     int 21h
     20
     21	0105  89 1E 01ECr		     mov old09Ofs, bx
     22	0109  8C C3			     mov bx, es
     23	010B  8C 06 01EEr		     mov old09seg, es
     24
     25	010F  B8 3508			 mov ax, 3508h
     26	0112  CD 21			 int 21h
     27
     28	0114  89 1E 020Ar		     mov old08Ofs, bx
     29	0118  8C C3			     mov bx, es
     30	011A  8C 06 020Cr		     mov old08seg, es
     31
     32	011E  E8 077F			 call make_save_buffer
     33
     34	0121  33 C0			 xor ax, ax
     35	0123  8E C0			 mov es, ax
     36
     37	0125  BB 0024			 mov bx, 4 * 09h
     38
     39	0128  FA			 cli
     40	0129  26: C7 07	014Fr		 mov es:[bx], offset My_int_9
     41	012E  8C C8			 mov ax, cs
     42	0130  26: 89 47	02		 mov es:[bx + 2], ax
     43
     44					 ; sub bx, 4
     45
     46					 ; mov es:[bx],	offset My_int_8
     47					 ; mov es:[bx +	2], ax
     48
     49	0134  FB			 sti
     50
     51					 ; int 09h
     52					 ; mov cx, 5
     53					 ; @@11:
     54					 ; push	cx
     55					 ; call	copy_draw_buffer
     56					 ; pop cx
     57					 ; loop	@@11
Turbo Assembler	 Version 4.1	    03/04/26 08:15:47	    Page 2
res.asm



     58
     59	0135  B8 3100			 mov ax, 3100h
     60	0138  BA 08CEr			     mov dx, offset EOP
     61	013B  D1 EA D1 EA D1 EA	D1+	     shr dx, 4
     62	      EA
     63	0143  42			     inc dx
     64	0144  83 C2 37			 add dx, 55
     65	0147  CD 21			     int 21h
     66
     67	0149  B8 FBA2			 mov ax, 0FBA2h
     68	014C  BB 3346			 mov bx, 3346h
     69
     70	014F			     My_int_9 proc
     71	014F  50 53 06 1E		 push ax bx es ds
     72
     73	0153  54			 push sp
     74	0154  50			 push ax
     75	0155  53			 push bx
     76	0156  51			 push cx
     77	0157  56			 push si
     78	0158  57			 push di
     79	0159  55			 push bp
     80	015A  1E			 push ds
     81	015B  06			 push es
     82	015C  16			 push ss
     83	015D  0E			 push cs
     84
     85	015E  33 C0			 xor ax, ax ;!!!!!!!!!
     86
     87				     ; ===================================================
     88	0160  B8 0040			 mov ax, 40h
     89	0163  8E C0			 mov es, ax
     90	0165  26: A0 0017		 mov al, es:[17h]
     91	0169  A8 04			 test al, 4h
     92				     ; ===================================================
     93
     94	016B  74 77			 je @@old_9
     95
     96	016D  E4 60			 in al,	60h
     97
     98	016F  3C 1F			 cmp al, 1fh ; ctrl + s
     99	0171  9C			 pushf
    100
    101	0172  3C 21			 cmp al, 21h ; ctrl + f
    102
    103	0174  9C			 pushf
    104				     ; ===================================================
    105	0175  E4 61			     in	al, 61h
    106	0177  0C 80			     or	al, 80h
    107	0179  E6 61			     out 61h, al
    108	017B  24 7F			     and al, not 80h
    109	017D  E6 61			     out 61h, al
    110	017F  B0 20			     mov al, 20h
    111	0181  E6 20			     out 20h, al
    112				     ; ===================================================
    113	0183  9D			 popf
    114
Turbo Assembler	 Version 4.1	    03/04/26 08:15:47	    Page 3
res.asm



    115	0184  75 0A			 jne @@draw
    116	0186  BE 0210r			 lea si, save_buffer
    117	0189  E8 06A4			 call print_buffer
    118	018C  9D			 popf
    119	018D  EB 55 90			 jmp @@old_9
    120
    121	0190				 @@draw:
    122	0190  9D			 popf
    123	0191  75 51			 jne @@old_9
    124
    125	0193  E8 06BE			 call copy_draw_buffer
    126
    127	0196  8C C8			 mov ax, cs
    128	0198  8E C0			 mov es, ax
    129
    130	019A  BF 04CEr			 lea di, draw_buffer
    131					 ; add di, (160	* 4 + 80) ###########
    132
    133	019D  8C C8			 mov ax, cs
    134	019F  8E D8			 mov ds, ax
    135
    136	01A1  B4 0B			 mov ah, 0Bh
    137					 ; mov bl, 0A2h
    138	01A3  BA 0000			 mov dx, 0
    139
    140	01A6  BE 07DBr			 lea si, frame
    141	01A9  E8 061C			 call print_frame_string
    142	01AC  8B DE			 mov bx, si
    143	01AE  BE 078Cr			 lea si, Sp_equ_str
    144
    145	01B1				 @@cicle:
    146					     ; push di
    147	01B1  B9 0005			     mov cx, 5
    148	01B4  8A 07			     mov al, [bx]
    149	01B6  26: 89 05			     mov word ptr es:[di], ax
    150	01B9  83 C7 04			     add di, 4
    151
    152	01BC				     @@p:
    153	01BC  AC				 lodsb
    154	01BD  AB				 stosw
    155	01BE  E2 FC				 loop @@p
    156
    157	01C0  E8 0621			     call get_asci_code_reg
    158
    159	01C3  83 C7 02			     add di, 2
    160	01C6  8A 47 02			     mov al, [bx + 2]
    161	01C9  26: 89 05			     mov word ptr es:[di], ax
    162	01CC  83 C7 02			     add di, 2
    163
    164					     ; add di, 134
    165	01CF  42			     inc dx
    166	01D0  83 FA 0C			     cmp dx, 12
    167					     ; pop di
    168					     ; add di, 160d
    169	01D3  75 DC			     jne @@cicle
    170
    171	01D5  BE 07DBr			 lea si, frame
Turbo Assembler	 Version 4.1	    03/04/26 08:15:47	    Page 4
res.asm



    172	01D8  83 C6 06			 add si, 6
    173
    174	01DB  E8 05EA			 call print_frame_string
    175
    176	01DE  BE 04CEr			 lea si, draw_buffer
    177	01E1  E8 064C			 call print_buffer ; debug
    178
    179	01E4				 @@old_9:
    180	01E4  83 C4 16			 add sp, 22
    181	01E7  1F 07 5B 58		 pop ds	es bx ax
    182	01EB  EA			 db 0eah
    183	01EC  0000			     old09Ofs dw 0
    184	01EE  0000			     old09seg dw 0
    185
    186	01F0  CF			 iret
    187
    188	01F1			     endp
    189
    190	01F1			     My_int_8 proc
    191	01F1  FA			 cli
    192	01F2  50 53 51 52 57 06	1E	 push ax bx cx dx di es	ds
    193	01F9  9C			 pushf
    194
    195	01FA  E8 0657			 call copy_draw_buffer
    196
    197	01FD  B0 20			 mov al, 20h
    198	01FF  E6 20			 out 20h, al
    199	0201  9D			 popf
    200	0202  1F 07 5F 5A 59 5B	58	 pop ds	es di dx cx bx ax
    201	0209  EA			 db 0eah
    202	020A  0000			 old08Ofs dw 0
    203	020C  0000			 old08seg dw 0
    204	020E  FB			 sti
    205	020F  CF			 iret
    206	0210			     endp
    207
    208					 ; mov ax, 4c00h
    209					 ; int 21h
    210
    211
    212				     ;============================================================
    213				     ; Start: bx - смещение в буфере
    214				     ;
    215				     ;============================================================
    216
    217	0210  015F*(0000)	     save_buffer dw 351	dup(0)
    218	04CE  015F*(0000)	     draw_buffer dw 351	dup(0)
    219	078C  73 70 20 3D 20	     Sp_equ_str	db 'sp = '
    220	0791  61 78 20 3D 20	     Ax_equ_str	db 'ax = '
    221	0796  62 78 20 3D 20	     Bx_equ_str	db 'bx = '
    222	079B  63 78 20 3D 20	     Сx_equ_str db 'cx	= '
    223	07A0  64 78 20 3D 20	     Dx_equ_str	db 'dx = '
    224	07A5  73 69 20 3D 20	     Si_equ_str	db 'si = '
    225	07AA  64 69 20 3D 20	     Di_equ_str	db 'di = '
    226	07AF  62 70 20 3D 20	     Bp_equ_str	db 'bp = '
    227	07B4  64 73 20 3D 20	     Ds_equ_str	db 'ds = '
    228	07B9  65 73 20 3D 20	     Es_equ_str	db 'es = '
Turbo Assembler	 Version 4.1	    03/04/26 08:15:47	    Page 5
res.asm



    229	07BE  73 73 20 3D 20	     Ss_equ_str	db 'ss = '
    230	07C3  63 73 20 3D 20	     Cs_equ_str	db 'cs = '
    231
    232				     ;===============================================================================================
    233				     ====
    234				     ; Start: di - нужное	значение координаты начала рамки, si - +
    235				     нужный символ
    236				     ; Destr: di, si
    237				     ; Note: /*изменение di эквивалентно переносу строки*/ di    +
    238				     должен идти по	порядку в уменьшенном буфере
    239				     ;===============================================================================================
    240				     ====
    241	07C8			     print_frame_string	proc
    242					 ; push	di
    243					 ; lea si, frame
    244	07C8  8A 04			 mov al, [si]
    245					 ; mov es, cs
    246
    247	07CA  AB			 stosw
    248	07CB  46			 inc si
    249	07CC  B9 000B			 mov cx, 11
    250	07CF  8A 04			 mov al, [si]
    251	07D1  F2> AB			 repne stosw
    252
    253	07D3  46			 inc si
    254	07D4  8A 04			 mov al, [si]
    255	07D6  46			 inc si
    256	07D7  AB			 stosw
    257	07D8  8A 04			 mov al, [si]
    258					 ; pop di
    259					 ; add di, 160d
    260	07DA  C3			 ret
    261	07DB			     endp
    262
    263	07DB  C9 CD BB C7 00 C7	C8+  frame db 0c9h, 0cdh, 0bbh,	0c7h, 00h, 0c7h, 0c8h, 0cdh, 0bch
    264	      CD BC
    265				     ; c9 cd bb
    266				     ; c7 00 c7
    267				     ; c8 cd bc
    268
    269				     ;===============================================================================================
    270				     ==
    271				     ; Start: в стеке лежат все регистры в порядке (sp, ax, bx, cx,   +
    272				     dx, si, di, bp, ds, es, ss, cs)
    273				     ;	      dx - номер регистра в стеке, di - место в буфере, es - +
    274				     сегмент буфера
    275				     ; Destr: al, di, es
    276				     ;===============================================================================================
    277				     ==
    278	07E4			     get_asci_code_reg proc
    279	07E4  52			 push dx
    280	07E5  53			 push bx
    281
    282					 ; push	di
    283	07E6  55			 push bp
    284	07E7  8B EC			 mov bp, sp
    285	07E9  83 C5 1C			 add bp, 28
Turbo Assembler	 Version 4.1	    03/04/26 08:15:47	    Page 6
res.asm



    286
    287	07EC  33 DB			 xor bx, bx
    288					 ; mov ax, cs
    289					 ; mov es, ax
    290
    291	07EE  D1 E2			 shl dx, 1
    292	07F0  2B EA			 sub bp, dx ; bp -> value of register
    293
    294	07F2  8A 5E 01			 mov bl, [bp + 1]
    295	07F5  E8 001F			 call print_byte
    296
    297	07F8  8A 5E 00			 mov bl, [bp]
    298	07FB  E8 0019			 call print_byte
    299
    300	07FE  5D			 pop bp
    301					 ; pop di
    302
    303	07FF  5B			 pop bx
    304	0800  5A			 pop dx
    305	0801  C3			 ret
    306	0802			     endp
    307
    308				     ;===============================================================================================
    309				     ==
    310				     ; Start: в bl шестнадцатиричная цифра, es:di - адрес для	    +
    311				     печати числа, ah - стиль
    312				     ; Destr: bl, dx, al, di, es
    313				     ; Note: в	bl преобразует младшие 4 бита в ASCI код hex и	    +
    314				     печатает в буфер
    315				     ;===============================================================================================
    316				     ==
    317
    318	0802			     print_hex_symb proc
    319	0802  80 FB 09			 cmp bl, 09h
    320	0805  7F 06			 jg @@letter
    321
    322	0807  80 C3 30			 add bl, '0'
    323	080A  EB 07 90			 jmp @@letter_end
    324
    325	080D				 @@letter:
    326	080D  80 C3 41			 add bl, 'A'
    327	0810  80 EB 0A			 sub bl, 0Ah
    328	0813				 @@letter_end:
    329	0813  8A C3			 mov al, bl
    330	0815  AB			 stosw
    331
    332	0816  C3			 ret
    333	0817			     endp
    334				     ;===============================================================================================
    335				     ==
    336				     ; Start: в bl - байт для печати, es:di - адрес для печати числа
    337				     ; Destr: bl, dx, al, di, es
    338				     ; Note: выводит bl в буфер в	виде ASCI кода
    339				     ;===============================================================================================
    340				     ==
    341	0817			     print_byte	proc
    342	0817  8A D3			 mov dl, bl
Turbo Assembler	 Version 4.1	    03/04/26 08:15:47	    Page 7
res.asm



    343	0819  80 E3 F0			 and bl, 0f0h ;	старшие 4 бита
    344	081C  D0 EB D0 EB D0 EB	D0+	 shr bl, 4
    345	      EB
    346
    347	0824  E8 FFDB			 call print_hex_symb
    348
    349	0827  8A DA			 mov bl, dl
    350	0829  80 E3 0F			 and bl, 0fh ; младшие 4	бита
    351
    352	082C  E8 FFD3			 call print_hex_symb
    353	082F  C3			 ret
    354	0830			     endp
    355				     ;===============================================================================================
    356				     ==
    357				     ; Start: si - адрес начала буфера
    358				     ; Note: print draw_buffer
    359				     ;===============================================================================================
    360				     ==
    361
    362	0830			     print_buffer proc
    363	0830  B8 B800			 mov ax, 0b800h
    364	0833  8E C0			 mov es, ax
    365
    366	0835  8C C8			 mov ax, cs
    367	0837  8E D8			 mov ds, ax
    368
    369					 ; lea si, draw_buffer
    370					 ; xor di, di ############################
    371	0839  BF 02D0			 mov di, (160 *	4 + 80)
    372
    373	083C  B9 00B6			 mov cx, 182d ;	13 * 14
    374	083F  33 DB			 xor bx, bx
    375
    376	0841				 @@print:
    377	0841  AD			     lodsw
    378	0842  AB			     stosw
    379	0843  43			     inc bx
    380	0844  83 FB 0D			     cmp bx, 13
    381	0847  74 02			     je	@@enter
    382	0849  E2 F6			     loop @@print
    383
    384	084B				     @@enter:
    385	084B  33 DB				 xor bx, bx
    386						 ; add si, 134d
    387	084D  81 C7 0086			 add di, 134d
    388	0851  E2 EE				 loop @@print
    389
    390	0853  C3			 ret
    391	0854			     endp
    392
    393				     ;===============================================================================================
    394				     ==
    395				     ; Start: si - адрес начала буфера
    396				     ; Reg: di - индекс байта в видеопамяти, bx - индекс в save_buffer
    397				     ; Note: print draw_buffer
    398				     ;===============================================================================================
    399				     ==
Turbo Assembler	 Version 4.1	    03/04/26 08:15:47	    Page 8
res.asm



    400
    401	0854			     copy_draw_buffer proc
    402	0854  55			 push bp
    403
    404	0855  8C C8			 mov ax, cs
    405	0857  8E D8			 mov ds, ax
    406
    407	0859  B8 B800			 mov ax, 0B800h
    408	085C  8E C0			 mov es, ax
    409
    410	085E  BE 04CEr			 lea si, draw_buffer
    411	0861  BB 0210r			 lea bx, save_buffer
    412	0864  BF 02D0			 mov di, (160 *	4 + 80)
    413					 ; xor di, di
    414
    415	0867  33 ED			 xor bp, bp ; counter
    416	0869  B9 00B6			 mov cx, 182d
    417
    418	086C				 @@cicle:
    419	086C  8B 04			     mov ax, ds:[si]
    420	086E  26: 8B 15			     mov dx, es:[di]
    421
    422	0871  45			     inc bp
    423	0872  83 FD 0D			     cmp bp, 13
    424	0875  75 06			     jne @@after_enter
    425	0877  33 ED			     xor bp, bp
    426	0879  81 C7 0086		     add di, 134d
    427	087D				     @@after_enter:
    428
    429	087D  3B C2			     cmp ax, dx
    430	087F  75 0E			     jne @@no_equ
    431	0881  83 C7 02			     add di, 2
    432	0884  83 C6 02			     add si, 2
    433	0887  83 C3 02			     add bx, 2
    434					     ; add si, 134d
    435	088A  E2 E0			     loop @@cicle
    436	088C  EB 10 90			     jmp @@end
    437
    438	088F				 @@no_equ:
    439	088F  89 14			     mov word ptr ds:[si], dx
    440	0891  89 17			     mov word ptr ds:[bx], dx
    441	0893  83 C7 02			     add di, 2
    442	0896  83 C6 02			     add si, 2
    443	0899  83 C3 02			     add bx, 2
    444	089C  E2 CE			     loop @@cicle
    445
    446	089E				 @@end:
    447	089E  5D			 pop bp
    448	089F  C3			 ret
    449	08A0			     endp
    450
    451				     ;===============================================================================================
    452				     ==
    453				     ; Destr: di, si, ax, cx, es
    454				     ; Notes: копирует видеопамять в save_buffer
    455				     ;===============================================================================================
    456				     ==
Turbo Assembler	 Version 4.1	    03/04/26 08:15:47	    Page 9
res.asm



    457
    458	08A0			     make_save_buffer proc
    459
    460	08A0  BF 0210r			 lea di, save_buffer
    461	08A3  BE 02D0			 mov si, 720d
    462
    463	08A6  B8 B800			 mov ax, 0B800h
    464	08A9  8E D8			 mov ds, ax
    465
    466	08AB  8C C8			 mov ax, cs
    467	08AD  8E C0			 mov es, ax
    468
    469	08AF  B9 00B6			 mov cx, 182d
    470	08B2  33 DB			 xor bx, bx
    471
    472	08B4				 @@cicle:
    473	08B4  AD			     lodsw
    474	08B5  AB			     stosw
    475	08B6  43			     inc bx
    476	08B7  83 FB 0D			     cmp bx, 13d
    477	08BA  74 05			     je	@@enter
    478	08BC  E2 F6			     loop @@cicle
    479	08BE  EB 09 90			     jmp @@end
    480	08C1				     @@enter:
    481	08C1  33 DB				 xor bx, bx
    482	08C3  81 C6 0086			 add si, 134d
    483	08C7  E2 EB				 loop @@cicle
    484
    485	08C9				 @@end:
    486	08C9  8C C8			 mov ax, cs
    487	08CB  8E D8			 mov ds, ax
    488	08CD  C3			 ret
    489	08CE			     endp
    490
    491	08CE			     EOP:
    492				     end Start
Turbo Assembler	 Version 4.1	    03/04/26 08:15:47	    Page 10
Symbol Table




Symbol Name			  Type	 Value

??DATE				  Text	 "03/04/26"
??FILENAME			  Text	 "res	  "
??TIME				  Text	 "08:15:47"
??VERSION			  Number 040A
@32BIT				  Text	 0
@@AFTER_ENTER			  Near	 DGROUP:087D
@@CICLE				  Near	 DGROUP:01B1
@@CICLE				  Near	 DGROUP:086C
@@CICLE				  Near	 DGROUP:08B4
@@DRAW				  Near	 DGROUP:0190
@@END				  Near	 DGROUP:089E
@@END				  Near	 DGROUP:08C9
@@ENTER				  Near	 DGROUP:084B
@@ENTER				  Near	 DGROUP:08C1
@@LETTER			  Near	 DGROUP:080D
@@LETTER_END			  Near	 DGROUP:0813
@@NO_EQU			  Near	 DGROUP:088F
@@OLD_9				  Near	 DGROUP:01E4
@@P				  Near	 DGROUP:01BC
@@PRINT				  Near	 DGROUP:0841
@CODE				  Text	 DGROUP
@CODESIZE			  Text	 0
@CPU				  Text	 0101H
@CURSEG				  Text	 _TEXT
@DATA				  Text	 DGROUP
@DATASIZE			  Text	 0
@FILENAME			  Text	 RES
@INTERFACE			  Text	 000H
@MODEL				  Text	 1
@STACK				  Text	 DGROUP
@WORDSIZE			  Text	 2
AX_EQU_STR			  Byte	 DGROUP:0791
BP_EQU_STR			  Byte	 DGROUP:07AF
BX_EQU_STR			  Byte	 DGROUP:0796
COPY_DRAW_BUFFER		  Near	 DGROUP:0854
CS_EQU_STR			  Byte	 DGROUP:07C3
DI_EQU_STR			  Byte	 DGROUP:07AA
DRAW_BUFFER			  Word	 DGROUP:04CE
DS_EQU_STR			  Byte	 DGROUP:07B4
DX_EQU_STR			  Byte	 DGROUP:07A0
EOP				  Near	 DGROUP:08CE
ES_EQU_STR			  Byte	 DGROUP:07B9
FRAME				  Byte	 DGROUP:07DB
GET_ASCI_CODE_REG		  Near	 DGROUP:07E4
MAKE_SAVE_BUFFER		  Near	 DGROUP:08A0
MY_INT_8			  Near	 DGROUP:01F1
MY_INT_9			  Near	 DGROUP:014F
OLD08OFS			  Word	 DGROUP:020A
OLD08SEG			  Word	 DGROUP:020C
OLD09OFS			  Word	 DGROUP:01EC
OLD09SEG			  Word	 DGROUP:01EE
PRINT_BUFFER			  Near	 DGROUP:0830
PRINT_BYTE			  Near	 DGROUP:0817
PRINT_FRAME_STRING		  Near	 DGROUP:07C8
Turbo Assembler	 Version 4.1	    03/04/26 08:15:47	    Page 11
Symbol Table



PRINT_HEX_SYMB			  Near	 DGROUP:0802
SAVE_BUFFER			  Word	 DGROUP:0210
SI_EQU_STR			  Byte	 DGROUP:07A5
SP_EQU_STR			  Byte	 DGROUP:078C
SS_EQU_STR			  Byte	 DGROUP:07BE
START				  Near	 DGROUP:0100
X_EQU_STR			  Byte	 DGROUP:079B

Groups & Segments		  Bit Size Align  Combine Class

DGROUP				  Group
  _DATA				  16  0000 Word	  Public  DATA
  _TEXT				  16  08CE Word	  Public  CODE
